
> dongple@0.1.0 build
> next build

  ??Next.js 14.2.35
  - Environments: .env.local

   Creating an optimized production build ...
 ??Compiled successfully
   Skipping validation of types
   Skipping linting
   Collecting page data ...
   Generating static pages (0/13) ...
Naver Maps SDK URL: https://oapi.map.naver.com/openapi/v3/maps.js?ncpKeyId=ckizucd76z&submodules=geocoder
Naver Maps SDK URL: https://oapi.map.naver.com/openapi/v3/maps.js?ncpKeyId=ckizucd76z&submodules=geocoder
   Generating static pages (3/13) 
Naver Maps SDK URL: https://oapi.map.naver.com/openapi/v3/maps.js?ncpKeyId=ckizucd76z&submodules=geocoder
Naver Maps SDK URL: https://oapi.map.naver.com/openapi/v3/maps.js?ncpKeyId=ckizucd76z&submodules=geocoder
Naver Maps SDK URL: https://oapi.map.naver.com/openapi/v3/maps.js?ncpKeyId=ckizucd76z&submodules=geocoder
Naver Maps SDK URL: https://oapi.map.naver.com/openapi/v3/maps.js?ncpKeyId=ckizucd76z&submodules=geocoder
Naver Maps SDK URL: https://oapi.map.naver.com/openapi/v3/maps.js?ncpKeyId=ckizucd76z&submodules=geocoder
Naver Maps SDK URL: https://oapi.map.naver.com/openapi/v3/maps.js?ncpKeyId=ckizucd76z&submodules=geocoder
node.exe : ReferenceError: useUIStore is not defined
위치 줄:1 문자:1
+ & "C:\Program Files\nodejs/node.exe" "C:\Program Files\nodejs/node_mo ...
+ ~~~~~~~~~~~~~~~~~~~~~~~~~~~~~~~~~~~~~~~~~~~~~~~~~~~~~~~~~~~~~~~~~~~~~
    + CategoryInfo          : NotSpecified: (ReferenceError:... is not defined:String) [], RemoteException
    + FullyQualifiedErrorId : NativeCommandError
 
    at k (C:\my_project\dongple\.next\server\chunks\803.js:1:11390)
    at nj (C:\my_project\dongple\node_modules\next\dist\compiled\next-server\app-page.runtime.prod.js:12:46252)
    at nM (C:\my_project\dongple\node_modules\next\dist\compiled\next-server\app-page.runtime.prod.js:12:47572)
    at nL (C:\my_project\dongple\node_modules\next\dist\compiled\next-server\app-page.runtime.prod.js:12:64547)
    at nB (C:\my_project\dongple\node_modules\next\dist\compiled\next-server\app-page.runtime.prod.js:12:67539)
    at nD (C:\my_project\dongple\node_modules\next\dist\compiled\next-server\app-page.runtime.prod.js:12:66681)
    at nL (C:\my_project\dongple\node_modules\next\dist\compiled\next-server\app-page.runtime.prod.js:12:64854)
    at nM (C:\my_project\dongple\node_modules\next\dist\compiled\next-server\app-page.runtime.prod.js:12:59103)
    at nL (C:\my_project\dongple\node_modules\next\dist\compiled\next-server\app-page.runtime.prod.js:12:64547)
    at nI (C:\my_project\dongple\node_modules\next\dist\compiled\next-server\app-page.runtime.prod.js:12:47011) {
  digest: '2630981327'
}

Error occurred prerendering page "/write". Read more: https://nextjs.org/docs/messages/prerender-error

ReferenceError: useUIStore is not defined
    at k (C:\my_project\dongple\.next\server\chunks\803.js:1:11390)
    at nj (C:\my_project\dongple\node_modules\next\dist\compiled\next-server\app-page.runtime.prod.js:12:46252)
    at nM (C:\my_project\dongple\node_modules\next\dist\compiled\next-server\app-page.runtime.prod.js:12:47572)
    at nL (C:\my_project\dongple\node_modules\next\dist\compiled\next-server\app-page.runtime.prod.js:12:64547)
    at nB (C:\my_project\dongple\node_modules\next\dist\compiled\next-server\app-page.runtime.prod.js:12:67539)
    at nD (C:\my_project\dongple\node_modules\next\dist\compiled\next-server\app-page.runtime.prod.js:12:66681)
    at nL (C:\my_project\dongple\node_modules\next\dist\compiled\next-server\app-page.runtime.prod.js:12:64854)
    at nM (C:\my_project\dongple\node_modules\next\dist\compiled\next-server\app-page.runtime.prod.js:12:59103)
    at nL (C:\my_project\dongple\node_modules\next\dist\compiled\next-server\app-page.runtime.prod.js:12:64547)
    at nI (C:\my_project\dongple\node_modules\next\dist\compiled\next-server\app-page.runtime.prod.js:12:47011)
ReferenceError: useUIStore is not defined
    at k (C:\my_project\dongple\.next\server\chunks\803.js:1:11390)
    at nj (C:\my_project\dongple\node_modules\next\dist\compiled\next-server\app-page.runtime.prod.js:12:46252)
    at nM (C:\my_project\dongple\node_modules\next\dist\compiled\next-server\app-page.runtime.prod.js:12:47572)
    at nL (C:\my_project\dongple\node_modules\next\dist\compiled\next-server\app-page.runtime.prod.js:12:64547)
    at nB (C:\my_project\dongple\node_modules\next\dist\compiled\next-server\app-page.runtime.prod.js:12:67539)
    at nD (C:\my_project\dongple\node_modules\next\dist\compiled\next-server\app-page.runtime.prod.js:12:66681)
    at nL (C:\my_project\dongple\node_modules\next\dist\compiled\next-server\app-page.runtime.prod.js:12:64854)
    at nM (C:\my_project\dongple\node_modules\next\dist\compiled\next-server\app-page.runtime.prod.js:12:59103)
    at nL (C:\my_project\dongple\node_modules\next\dist\compiled\next-server\app-page.runtime.prod.js:12:64547)
    at nI (C:\my_project\dongple\node_modules\next\dist\compiled\next-server\app-page.runtime.prod.js:12:47011) {
  digest: '2630981327'
}

Error occurred prerendering page "/album". Read more: https://nextjs.org/docs/messages/prerender-error

ReferenceError: useUIStore is not defined
    at k (C:\my_project\dongple\.next\server\chunks\803.js:1:11390)
    at nj (C:\my_project\dongple\node_modules\next\dist\compiled\next-server\app-page.runtime.prod.js:12:46252)
    at nM (C:\my_project\dongple\node_modules\next\dist\compiled\next-server\app-page.runtime.prod.js:12:47572)
    at nL (C:\my_project\dongple\node_modules\next\dist\compiled\next-server\app-page.runtime.prod.js:12:64547)
    at nB (C:\my_project\dongple\node_modules\next\dist\compiled\next-server\app-page.runtime.prod.js:12:67539)
    at nD (C:\my_project\dongple\node_modules\next\dist\compiled\next-server\app-page.runtime.prod.js:12:66681)
    at nL (C:\my_project\dongple\node_modules\next\dist\compiled\next-server\app-page.runtime.prod.js:12:64854)
    at nM (C:\my_project\dongple\node_modules\next\dist\compiled\next-server\app-page.runtime.prod.js:12:59103)
    at nL (C:\my_project\dongple\node_modules\next\dist\compiled\next-server\app-page.runtime.prod.js:12:64547)
    at nI (C:\my_project\dongple\node_modules\next\dist\compiled\next-server\app-page.runtime.prod.js:12:47011)
Naver Maps SDK URL: https://oapi.map.naver.com/openapi/v3/maps.js?ncpKeyId=ckizucd76z&submodules=geocoder
Naver Maps SDK URL: https://oapi.map.naver.com/openapi/v3/maps.js?ncpKeyId=ckizucd76z&submodules=geocoder
Naver Maps SDK URL: https://oapi.map.naver.com/openapi/v3/maps.js?ncpKeyId=ckizucd76z&submodules=geocoder
Naver Maps SDK URL: https://oapi.map.naver.com/openapi/v3/maps.js?ncpKeyId=ckizucd76z&submodules=geocoder
   Generating static pages (6/13) 
ReferenceError: useUIStore is not defined
    at k (C:\my_project\dongple\.next\server\chunks\803.js:1:11390)
    at nj (C:\my_project\dongple\node_modules\next\dist\compiled\next-server\app-page.runtime.prod.js:12:46252)
    at nM (C:\my_project\dongple\node_modules\next\dist\compiled\next-server\app-page.runtime.prod.js:12:47572)
    at nL (C:\my_project\dongple\node_modules\next\dist\compiled\next-server\app-page.runtime.prod.js:12:64547)
    at nB (C:\my_project\dongple\node_modules\next\dist\compiled\next-server\app-page.runtime.prod.js:12:67539)
    at nD (C:\my_project\dongple\node_modules\next\dist\compiled\next-server\app-page.runtime.prod.js:12:66681)
    at nL (C:\my_project\dongple\node_modules\next\dist\compiled\next-server\app-page.runtime.prod.js:12:64854)
    at nM (C:\my_project\dongple\node_modules\next\dist\compiled\next-server\app-page.runtime.prod.js:12:59103)
    at nL (C:\my_project\dongple\node_modules\next\dist\compiled\next-server\app-page.runtime.prod.js:12:64547)
    at nI (C:\my_project\dongple\node_modules\next\dist\compiled\next-server\app-page.runtime.prod.js:12:47011) {
  digest: '2630981327'
}

Error occurred prerendering page "/map". Read more: https://nextjs.org/docs/messages/prerender-error

ReferenceError: useUIStore is not defined
    at k (C:\my_project\dongple\.next\server\chunks\803.js:1:11390)
    at nj (C:\my_project\dongple\node_modules\next\dist\compiled\next-server\app-page.runtime.prod.js:12:46252)
    at nM (C:\my_project\dongple\node_modules\next\dist\compiled\next-server\app-page.runtime.prod.js:12:47572)
    at nL (C:\my_project\dongple\node_modules\next\dist\compiled\next-server\app-page.runtime.prod.js:12:64547)
    at nB (C:\my_project\dongple\node_modules\next\dist\compiled\next-server\app-page.runtime.prod.js:12:67539)
    at nD (C:\my_project\dongple\node_modules\next\dist\compiled\next-server\app-page.runtime.prod.js:12:66681)
    at nL (C:\my_project\dongple\node_modules\next\dist\compiled\next-server\app-page.runtime.prod.js:12:64854)
    at nM (C:\my_project\dongple\node_modules\next\dist\compiled\next-server\app-page.runtime.prod.js:12:59103)
    at nL (C:\my_project\dongple\node_modules\next\dist\compiled\next-server\app-page.runtime.prod.js:12:64547)
    at nI (C:\my_project\dongple\node_modules\next\dist\compiled\next-server\app-page.runtime.prod.js:12:47011)
ReferenceError: useUIStore is not defined
    at k (C:\my_project\dongple\.next\server\chunks\803.js:1:11390)
    at nj (C:\my_project\dongple\node_modules\next\dist\compiled\next-server\app-page.runtime.prod.js:12:46252)
    at nM (C:\my_project\dongple\node_modules\next\dist\compiled\next-server\app-page.runtime.prod.js:12:47572)
    at nL (C:\my_project\dongple\node_modules\next\dist\compiled\next-server\app-page.runtime.prod.js:12:64547)
    at nB (C:\my_project\dongple\node_modules\next\dist\compiled\next-server\app-page.runtime.prod.js:12:67539)
    at nD (C:\my_project\dongple\node_modules\next\dist\compiled\next-server\app-page.runtime.prod.js:12:66681)
    at nL (C:\my_project\dongple\node_modules\next\dist\compiled\next-server\app-page.runtime.prod.js:12:64854)
    at nM (C:\my_project\dongple\node_modules\next\dist\compiled\next-server\app-page.runtime.prod.js:12:59103)
    at nL (C:\my_project\dongple\node_modules\next\dist\compiled\next-server\app-page.runtime.prod.js:12:64547)
    at nI (C:\my_project\dongple\node_modules\next\dist\compiled\next-server\app-page.runtime.prod.js:12:47011) {
  digest: '2630981327'
}
Naver Maps SDK URL: https://oapi.map.naver.com/openapi/v3/maps.js?ncpKeyId=ckizucd76z&submodules=geocoder
Naver Maps SDK URL: https://oapi.map.naver.com/openapi/v3/maps.js?ncpKeyId=ckizucd76z&submodules=geocoder
ReferenceError: useUIStore is not defined
    at k (C:\my_project\dongple\.next\server\chunks\803.js:1:11390)
    at nj (C:\my_project\dongple\node_modules\next\dist\compiled\next-server\app-page.runtime.prod.js:12:46252)
    at nM (C:\my_project\dongple\node_modules\next\dist\compiled\next-server\app-page.runtime.prod.js:12:47572)
    at nL (C:\my_project\dongple\node_modules\next\dist\compiled\next-server\app-page.runtime.prod.js:12:64547)
    at nB (C:\my_project\dongple\node_modules\next\dist\compiled\next-server\app-page.runtime.prod.js:12:67539)
    at nD (C:\my_project\dongple\node_modules\next\dist\compiled\next-server\app-page.runtime.prod.js:12:66681)
    at nL (C:\my_project\dongple\node_modules\next\dist\compiled\next-server\app-page.runtime.prod.js:12:64854)
    at nM (C:\my_project\dongple\node_modules\next\dist\compiled\next-server\app-page.runtime.prod.js:12:59103)
    at nL (C:\my_project\dongple\node_modules\next\dist\compiled\next-server\app-page.runtime.prod.js:12:64547)
    at nI (C:\my_project\dongple\node_modules\next\dist\compiled\next-server\app-page.runtime.prod.js:12:47011) {
  digest: '2630981327'
}
ReferenceError: useUIStore is not defined
    at k (C:\my_project\dongple\.next\server\chunks\803.js:1:11390)
    at nj (C:\my_project\dongple\node_modules\next\dist\compiled\next-server\app-page.runtime.prod.js:12:46252)
    at nM (C:\my_project\dongple\node_modules\next\dist\compiled\next-server\app-page.runtime.prod.js:12:47572)
    at nL (C:\my_project\dongple\node_modules\next\dist\compiled\next-server\app-page.runtime.prod.js:12:64547)
    at nB (C:\my_project\dongple\node_modules\next\dist\compiled\next-server\app-page.runtime.prod.js:12:67539)
    at nD (C:\my_project\dongple\node_modules\next\dist\compiled\next-server\app-page.runtime.prod.js:12:66681)
    at nL (C:\my_project\dongple\node_modules\next\dist\compiled\next-server\app-page.runtime.prod.js:12:64854)
    at nM (C:\my_project\dongple\node_modules\next\dist\compiled\next-server\app-page.runtime.prod.js:12:59103)
    at nL (C:\my_project\dongple\node_modules\next\dist\compiled\next-server\app-page.runtime.prod.js:12:64547)
    at nI (C:\my_project\dongple\node_modules\next\dist\compiled\next-server\app-page.runtime.prod.js:12:47011) {
  digest: '2630981327'
}

Error occurred prerendering page "/v2". Read more: https://nextjs.org/docs/messages/prerender-error

   Generating static pages (9/13) 
ReferenceError: useUIStore is not defined
    at k (C:\my_project\dongple\.next\server\chunks\803.js:1:11390)
    at nj (C:\my_project\dongple\node_modules\next\dist\compiled\next-server\app-page.runtime.prod.js:12:46252)
    at nM (C:\my_project\dongple\node_modules\next\dist\compiled\next-server\app-page.runtime.prod.js:12:47572)
    at nL (C:\my_project\dongple\node_modules\next\dist\compiled\next-server\app-page.runtime.prod.js:12:64547)
    at nB (C:\my_project\dongple\node_modules\next\dist\compiled\next-server\app-page.runtime.prod.js:12:67539)
    at nD (C:\my_project\dongple\node_modules\next\dist\compiled\next-server\app-page.runtime.prod.js:12:66681)
    at nL (C:\my_project\dongple\node_modules\next\dist\compiled\next-server\app-page.runtime.prod.js:12:64854)
    at nM (C:\my_project\dongple\node_modules\next\dist\compiled\next-server\app-page.runtime.prod.js:12:59103)
    at nL (C:\my_project\dongple\node_modules\next\dist\compiled\next-server\app-page.runtime.prod.js:12:64547)
    at nI (C:\my_project\dongple\node_modules\next\dist\compiled\next-server\app-page.runtime.prod.js:12:47011)

Error occurred prerendering page "/_not-found". Read more: https://nextjs.org/docs/messages/prerender-error

ReferenceError: useUIStore is not defined
    at k (C:\my_project\dongple\.next\server\chunks\803.js:1:11390)
    at nj (C:\my_project\dongple\node_modules\next\dist\compiled\next-server\app-page.runtime.prod.js:12:46252)
    at nM (C:\my_project\dongple\node_modules\next\dist\compiled\next-server\app-page.runtime.prod.js:12:47572)
    at nL (C:\my_project\dongple\node_modules\next\dist\compiled\next-server\app-page.runtime.prod.js:12:64547)
    at nB (C:\my_project\dongple\node_modules\next\dist\compiled\next-server\app-page.runtime.prod.js:12:67539)
    at nD (C:\my_project\dongple\node_modules\next\dist\compiled\next-server\app-page.runtime.prod.js:12:66681)
    at nL (C:\my_project\dongple\node_modules\next\dist\compiled\next-server\app-page.runtime.prod.js:12:64854)
    at nM (C:\my_project\dongple\node_modules\next\dist\compiled\next-server\app-page.runtime.prod.js:12:59103)
    at nL (C:\my_project\dongple\node_modules\next\dist\compiled\next-server\app-page.runtime.prod.js:12:64547)
    at nI (C:\my_project\dongple\node_modules\next\dist\compiled\next-server\app-page.runtime.prod.js:12:47011)

Error occurred prerendering page "/news". Read more: https://nextjs.org/docs/messages/prerender-error

ReferenceError: useUIStore is not defined
    at k (C:\my_project\dongple\.next\server\chunks\803.js:1:11390)
    at nj (C:\my_project\dongple\node_modules\next\dist\compiled\next-server\app-page.runtime.prod.js:12:46252)
    at nM (C:\my_project\dongple\node_modules\next\dist\compiled\next-server\app-page.runtime.prod.js:12:47572)
    at nL (C:\my_project\dongple\node_modules\next\dist\compiled\next-server\app-page.runtime.prod.js:12:64547)
    at nB (C:\my_project\dongple\node_modules\next\dist\compiled\next-server\app-page.runtime.prod.js:12:67539)
    at nD (C:\my_project\dongple\node_modules\next\dist\compiled\next-server\app-page.runtime.prod.js:12:66681)
    at nL (C:\my_project\dongple\node_modules\next\dist\compiled\next-server\app-page.runtime.prod.js:12:64854)
    at nM (C:\my_project\dongple\node_modules\next\dist\compiled\next-server\app-page.runtime.prod.js:12:59103)
    at nL (C:\my_project\dongple\node_modules\next\dist\compiled\next-server\app-page.runtime.prod.js:12:64547)
    at nI (C:\my_project\dongple\node_modules\next\dist\compiled\next-server\app-page.runtime.prod.js:12:47011)
 ??Generating static pages (13/13)

> Export encountered errors on following paths:
	/_not-found/page: /_not-found
	/album/page: /album
	/map/page: /map
	/news/page: /news
	/v2/page: /v2
	/write/page: /write
